normal / two_sided / n = 10 done (2.1 mins)
skewed / two_sided / n = 10 done (4.1 mins)
hetero / two_sided / n = 10 done (6.1 mins)
normal / equivalence / n = 10 done (8.1 mins)
skewed / equivalence / n = 10 done (10.2 mins)
hetero / equivalence / n = 10 done (12.2 mins)
normal / two_sided / n = 20 done (14.4 mins)
skewed / two_sided / n = 20 done (16.4 mins)
hetero / two_sided / n = 20 done (18.5 mins)
normal / equivalence / n = 20 done (20.6 mins)
skewed / equivalence / n = 20 done (22.7 mins)
hetero / equivalence / n = 20 done (24.7 mins)
normal / two_sided / n = 50 done (26.9 mins)
skewed / two_sided / n = 50 done (29.1 mins)
hetero / two_sided / n = 50 done (31.3 mins)
normal / equivalence / n = 50 done (33.5 mins)
skewed / equivalence / n = 50 done (35.7 mins)
hetero / equivalence / n = 50 done (37.8 mins)

nsim = 500  R = 999  alpha = 0.05  (MC SE near alpha ~ 0.0097 )

   dist         hyp  n     method    rej ci_rej lo_miss hi_miss agree mean_est
 normal   two_sided 10  boot_stud 0.0498 0.0480 0.03400 0.01400 1.000  0.03983
 normal   two_sided 10 boot_basic 0.0166 0.0160 0.01200 0.00400 1.000  0.03983
 normal   two_sided 10  boot_perc 0.0664 0.0664 0.04149 0.02490 1.000  0.04140
 normal   two_sided 10   boot_bca 0.0394 0.0415 0.02697 0.01452 0.998  0.04140
 normal   two_sided 10      smd_z 0.0380 0.0380 0.02400 0.01400 1.000  0.03983
 normal   two_sided 10      smd_t 0.0200 0.0200 0.01200 0.00800 1.000  0.03983
 normal   two_sided 10    smd_nct 0.0380 0.0480 0.03400 0.01400 0.990  0.03983
 skewed   two_sided 10  boot_stud 0.0719 0.0680 0.04000 0.02800 1.000 -0.00516
 skewed   two_sided 10 boot_basic 0.0275 0.0260 0.01400 0.01200 1.000 -0.00516
 skewed   two_sided 10  boot_perc 0.0655 0.0677 0.03383 0.03383 0.998 -0.00137
 skewed   two_sided 10   boot_bca 0.0402 0.0423 0.02114 0.02114 0.998 -0.00137
 skewed   two_sided 10      smd_z 0.0160 0.0160 0.01200 0.00400 1.000 -0.00516
 skewed   two_sided 10      smd_t 0.0080 0.0080 0.00600 0.00200 1.000 -0.00516
 skewed   two_sided 10    smd_nct 0.0160 0.0280 0.01600 0.01200 0.988 -0.00516
 hetero   two_sided 10  boot_stud 0.0420 0.0441 0.02004 0.02405 1.000 -0.00632
 hetero   two_sided 10 boot_basic 0.0105 0.0120 0.00401 0.00802 1.000 -0.00632
 hetero   two_sided 10  boot_perc 0.0735 0.0777 0.03361 0.04412 0.996 -0.01101
 hetero   two_sided 10   boot_bca 0.0315 0.0378 0.01050 0.02731 0.994 -0.01101
 hetero   two_sided 10      smd_z 0.0320 0.0320 0.01400 0.01800 1.000 -0.00687
 hetero   two_sided 10      smd_t 0.0260 0.0260 0.01000 0.01600 1.000 -0.00687
 hetero   two_sided 10    smd_nct 0.0320 0.0420 0.01800 0.02400 0.990 -0.00687
 normal equivalence 10  boot_stud 0.0000 0.0000 0.04366 0.04990 1.000  0.49377
 normal equivalence 10 boot_basic 0.0000 0.0000 0.01663 0.04158 1.000  0.49377
 normal equivalence 10  boot_perc 0.0000 0.0000 0.07900 0.04990 1.000  0.49377
 normal equivalence 10   boot_bca 0.0000 0.0000 0.04366 0.04158 1.000  0.49377
 normal equivalence 10      smd_z 0.0000 0.0000 0.03200 0.04200 1.000  0.49778
 normal equivalence 10      smd_t 0.0000 0.0000 0.02200 0.03000 1.000  0.49778
 normal equivalence 10    smd_nct 0.0000 0.0000 0.04800 0.05000 1.000  0.49778
 skewed equivalence 10  boot_stud 0.0000 0.0000 0.08403 0.06513 1.000  0.61596
 skewed equivalence 10 boot_basic 0.0000 0.0000 0.05252 0.06303 1.000  0.61596
 skewed equivalence 10  boot_perc 0.0000 0.0000 0.18908 0.01261 1.000  0.61596
 skewed equivalence 10   boot_bca 0.0000 0.0000 0.10714 0.02311 1.000  0.61596
 skewed equivalence 10      smd_z 0.0000 0.0000 0.06600 0.02200 1.000  0.61790
 skewed equivalence 10      smd_t 0.0000 0.0000 0.04400 0.02000 1.000  0.61790
 skewed equivalence 10    smd_nct 0.0000 0.0000 0.07400 0.03600 1.000  0.61790
 hetero equivalence 10  boot_stud 0.0000 0.0000 0.02941 0.05882 1.000  0.46184
 hetero equivalence 10 boot_basic 0.0000 0.0000 0.00840 0.03992 1.000  0.46184
 hetero equivalence 10  boot_perc 0.0000 0.0000 0.06303 0.05462 1.000  0.46184
 hetero equivalence 10   boot_bca 0.0000 0.0000 0.04202 0.03992 1.000  0.46184
 hetero equivalence 10      smd_z 0.0000 0.0000 0.03000 0.04000 1.000  0.46678
 hetero equivalence 10      smd_t 0.0000 0.0000 0.02600 0.03000 1.000  0.46678
 hetero equivalence 10    smd_nct 0.0000 0.0000 0.03400 0.06000 1.000  0.46678
 normal   two_sided 20  boot_stud 0.0480 0.0480 0.03400 0.01400 1.000  0.00979
 normal   two_sided 20 boot_basic 0.0200 0.0200 0.01600 0.00400 1.000  0.00979
 normal   two_sided 20  boot_perc 0.0580 0.0620 0.04000 0.02200 0.996  0.00979
 normal   two_sided 20   boot_bca 0.0380 0.0420 0.03000 0.01200 0.996  0.00979
 normal   two_sided 20      smd_z 0.0420 0.0420 0.03000 0.01200 1.000  0.00979
 normal   two_sided 20      smd_t 0.0360 0.0360 0.02600 0.01000 1.000  0.00979
 normal   two_sided 20    smd_nct 0.0420 0.0540 0.03600 0.01800 0.988  0.00979
 skewed   two_sided 20  boot_stud 0.1240 0.1240 0.06800 0.05600 1.000  0.00568
 skewed   two_sided 20 boot_basic 0.1120 0.1120 0.06600 0.04600 1.000  0.00568
 skewed   two_sided 20  boot_perc 0.0780 0.0780 0.04200 0.03600 1.000  0.00568
 skewed   two_sided 20   boot_bca 0.0600 0.0640 0.03800 0.02600 0.996  0.00568
 skewed   two_sided 20      smd_z 0.0480 0.0480 0.03200 0.01600 1.000  0.00568
 skewed   two_sided 20      smd_t 0.0340 0.0340 0.02400 0.01000 1.000  0.00568
 skewed   two_sided 20    smd_nct 0.0480 0.0540 0.03400 0.02000 0.994  0.00568
 hetero   two_sided 20  boot_stud 0.0360 0.0360 0.01200 0.02400 1.000 -0.01421
 hetero   two_sided 20 boot_basic 0.0220 0.0220 0.00600 0.01600 1.000 -0.01421
 hetero   two_sided 20  boot_perc 0.0620 0.0660 0.02600 0.04000 0.996 -0.01421
 hetero   two_sided 20   boot_bca 0.0280 0.0320 0.01400 0.01800 0.996 -0.01421
 hetero   two_sided 20      smd_z 0.0340 0.0340 0.01600 0.01800 1.000 -0.01421
 hetero   two_sided 20      smd_t 0.0240 0.0240 0.01200 0.01200 1.000 -0.01421
 hetero   two_sided 20    smd_nct 0.0340 0.0480 0.02000 0.02800 0.986 -0.01421
 normal equivalence 20  boot_stud 0.0000 0.0000 0.03600 0.03000 1.000  0.52860
 normal equivalence 20 boot_basic 0.0000 0.0000 0.02400 0.03000 1.000  0.52860
 normal equivalence 20  boot_perc 0.0000 0.0000 0.06600 0.03600 1.000  0.52860
 normal equivalence 20   boot_bca 0.0000 0.0000 0.03400 0.03200 1.000  0.52860
 normal equivalence 20      smd_z 0.0000 0.0000 0.04000 0.03000 1.000  0.52860
 normal equivalence 20      smd_t 0.0000 0.0000 0.03600 0.02600 1.000  0.52860
 normal equivalence 20    smd_nct 0.0000 0.0000 0.04400 0.03200 1.000  0.52860
 skewed equivalence 20  boot_stud 0.0000 0.0000 0.10200 0.08600 1.000  0.55053
 skewed equivalence 20 boot_basic 0.0000 0.0000 0.07800 0.08600 1.000  0.55053
 skewed equivalence 20  boot_perc 0.0000 0.0000 0.15800 0.04000 1.000  0.55053
 skewed equivalence 20   boot_bca 0.0000 0.0000 0.09000 0.04600 1.000  0.55053
 skewed equivalence 20      smd_z 0.0000 0.0000 0.07800 0.06200 1.000  0.55053
 skewed equivalence 20      smd_t 0.0000 0.0000 0.07000 0.05400 1.000  0.55053
 skewed equivalence 20    smd_nct 0.0000 0.0000 0.08200 0.07000 1.000  0.55053
 hetero equivalence 20  boot_stud 0.0000 0.0000 0.05200 0.04600 1.000  0.51094
 hetero equivalence 20 boot_basic 0.0000 0.0000 0.03200 0.04200 1.000  0.51094
 hetero equivalence 20  boot_perc 0.0000 0.0000 0.09200 0.05000 1.000  0.51094
 hetero equivalence 20   boot_bca 0.0000 0.0000 0.05400 0.04600 1.000  0.51094
 hetero equivalence 20      smd_z 0.0000 0.0000 0.05200 0.04600 1.000  0.51094
 hetero equivalence 20      smd_t 0.0000 0.0000 0.04400 0.04600 1.000  0.51094
 hetero equivalence 20    smd_nct 0.0000 0.0000 0.05800 0.04800 1.000  0.51094
 normal   two_sided 50  boot_stud 0.0400 0.0400 0.02400 0.01600 1.000  0.01094
 normal   two_sided 50 boot_basic 0.0380 0.0380 0.02400 0.01400 1.000  0.01094
 normal   two_sided 50  boot_perc 0.0460 0.0460 0.02800 0.01800 1.000  0.01094
 normal   two_sided 50   boot_bca 0.0420 0.0460 0.02800 0.01800 0.996  0.01094
 normal   two_sided 50      smd_z 0.0420 0.0420 0.02600 0.01600 1.000  0.01094
 normal   two_sided 50      smd_t 0.0360 0.0360 0.02400 0.01200 1.000  0.01094
 normal   two_sided 50    smd_nct 0.0420 0.0420 0.02600 0.01600 1.000  0.01094
 skewed   two_sided 50  boot_stud 0.0840 0.0840 0.05000 0.03400 1.000  0.00276
 skewed   two_sided 50 boot_basic 0.0760 0.0760 0.04200 0.03400 1.000  0.00276
 skewed   two_sided 50  boot_perc 0.0520 0.0540 0.03200 0.02200 0.998  0.00276
 skewed   two_sided 50   boot_bca 0.0360 0.0380 0.01800 0.02000 0.998  0.00276
 skewed   two_sided 50      smd_z 0.0300 0.0300 0.01200 0.01800 1.000  0.00276
 skewed   two_sided 50      smd_t 0.0260 0.0260 0.01000 0.01600 1.000  0.00276
 skewed   two_sided 50    smd_nct 0.0300 0.0300 0.01200 0.01800 1.000  0.00276
 hetero   two_sided 50  boot_stud 0.0380 0.0380 0.01800 0.02000 1.000  0.00118
 hetero   two_sided 50 boot_basic 0.0340 0.0340 0.01600 0.01800 1.000  0.00118
 hetero   two_sided 50  boot_perc 0.0500 0.0540 0.02200 0.03200 0.996  0.00118
 hetero   two_sided 50   boot_bca 0.0360 0.0420 0.01800 0.02400 0.994  0.00118
 hetero   two_sided 50      smd_z 0.0400 0.0400 0.01800 0.02200 1.000  0.00118
 hetero   two_sided 50      smd_t 0.0400 0.0400 0.01800 0.02200 1.000  0.00118
 hetero   two_sided 50    smd_nct 0.0400 0.0420 0.01800 0.02400 0.998  0.00118
 normal equivalence 50  boot_stud 0.0420 0.0420 0.03600 0.04200 1.000  0.50473
 normal equivalence 50 boot_basic 0.0420 0.0420 0.03400 0.04200 1.000  0.50473
 normal equivalence 50  boot_perc 0.0400 0.0400 0.05400 0.04000 1.000  0.50473
 normal equivalence 50   boot_bca 0.0380 0.0400 0.03400 0.04000 0.998  0.50473
 normal equivalence 50      smd_z 0.0380 0.0380 0.03400 0.03800 1.000  0.50473
 normal equivalence 50      smd_t 0.0380 0.0380 0.03400 0.03800 1.000  0.50473
 normal equivalence 50    smd_nct 0.0380 0.0400 0.03600 0.04000 0.998  0.50473
 skewed equivalence 50  boot_stud 0.0580 0.0580 0.06800 0.07000 1.000  0.52656
 skewed equivalence 50 boot_basic 0.0560 0.0560 0.06600 0.06800 1.000  0.52656
 skewed equivalence 50  boot_perc 0.0220 0.0220 0.11200 0.02200 1.000  0.52656
 skewed equivalence 50   boot_bca 0.0440 0.0460 0.06000 0.04600 0.998  0.52656
 skewed equivalence 50      smd_z 0.0620 0.0620 0.06000 0.06200 1.000  0.52656
 skewed equivalence 50      smd_t 0.0600 0.0600 0.05800 0.06000 1.000  0.52656
 skewed equivalence 50    smd_nct 0.0620 0.0680 0.06000 0.06800 0.994  0.52656
 hetero equivalence 50  boot_stud 0.0480 0.0480 0.06200 0.04800 1.000  0.51188
 hetero equivalence 50 boot_basic 0.0420 0.0420 0.04800 0.04200 1.000  0.51188
 hetero equivalence 50  boot_perc 0.0420 0.0460 0.08200 0.04600 0.996  0.51188
 hetero equivalence 50   boot_bca 0.0440 0.0500 0.06000 0.05000 0.994  0.51188
 hetero equivalence 50      smd_z 0.0480 0.0480 0.06200 0.04800 1.000  0.51188
 hetero equivalence 50      smd_t 0.0460 0.0460 0.05400 0.04600 1.000  0.51188
 hetero equivalence 50    smd_nct 0.0480 0.0480 0.06200 0.04800 1.000  0.51188
 n_fail
     18
     18
     18
     18
      0
      0
      0
     27
     27
     27
     27
      0
      0
      0
     24
     24
     24
     24
      0
      0
      0
     19
     19
     19
     19
      0
      0
      0
     24
     24
     24
     24
      0
      0
      0
     24
     24
     24
     24
      0
      0
      0
      0
      0
      0
      0
      0
      0
      0
      0
      0
      0
      0
      0
      0
      0
      0
      0
      0
      0
      0
      0
      0
      0
      0
      0
      0
      0
      0
      0
      0
      0
      0
      0
      0
      0
      0
      0
      0
      0
      0
      0
      0
      0
      0
      0
      0
      0
      0
      0
      0
      0
      0
      0
      0
      0
      0
      0
      0
      0
      0
      0
      0
      0
      0
      0
      0
      0
      0
      0
      0
      0
      0
      0
      0
      0
      0
      0
      0
      0
      0
      0
      0
      0
      0
      0
